\BOOKMARK [0][-]{section*.4}{\376\377\144\130\000\040\211\201}{}% 1
\BOOKMARK [0][-]{section*.5}{\376\377\000A\000b\000s\000t\000r\000a\000c\000t}{}% 2
\BOOKMARK [0][-]{chapter.1}{\376\377\176\352\213\272}{}% 3
\BOOKMARK [1][-]{section.1.1}{\376\377\170\024\172\166\200\314\146\157}{chapter.1}% 4
\BOOKMARK [2][-]{subsection.1.1.1}{\376\377\213\255\176\303\131\032\152\041\140\001\131\047\213\355\212\000\152\041\127\213\227\142\116\064\166\204\143\021\142\030}{section.1.1}% 5
\BOOKMARK [2][-]{subsection.1.1.2}{\376\377\137\002\147\204\000\040\000G\000P\000U\000\040\226\306\177\244\166\204\136\166\210\114\213\255\176\303\173\126\165\145}{section.1.1}% 6
\BOOKMARK [1][-]{section.1.2}{\376\377\126\375\121\205\131\026\170\024\172\166\163\260\162\266}{chapter.1}% 7
\BOOKMARK [2][-]{subsection.1.2.1}{\376\377\131\032\152\041\140\001\131\047\213\355\212\000\152\041\127\213\136\166\210\114\213\255\176\303\173\126\165\145\170\024\172\166\163\260\162\266}{section.1.2}% 8
\BOOKMARK [2][-]{subsection.1.2.2}{\376\377\137\002\147\204\000\040\000G\000P\000U\000\040\226\306\177\244\136\166\210\114\213\255\176\303\173\126\165\145\170\024\172\166\163\260\162\266}{section.1.2}% 9
\BOOKMARK [1][-]{section.1.3}{\376\377\170\024\172\166\121\205\133\271\116\016\215\041\163\056}{chapter.1}% 10
\BOOKMARK [2][-]{subsection.1.3.1}{\376\377\000M\000M\000o\000H\000:\131\032\152\041\140\001\131\047\213\355\212\000\152\041\127\213\127\050\137\002\147\204\000\040\000G\000P\000U\000\040\226\306\177\244\116\012\166\204\232\330\145\110\155\367\124\010\136\166\210\114}{section.1.3}% 11
\BOOKMARK [2][-]{subsection.1.3.2}{\376\377\000H\000R\000-\000M\000M\000o\000H\000:\131\032\152\041\140\001\131\047\213\355\212\000\152\041\127\213\127\050\137\002\147\204\000\040\000G\000P\000U\000\040\226\306\177\244\116\012\166\204\137\002\147\204\150\257\136\246\150\300\147\345\160\271}{section.1.3}% 12
\BOOKMARK [1][-]{section.1.4}{\376\377\213\272\145\207\176\304\176\307\176\323\147\204}{chapter.1}% 13
\BOOKMARK [0][-]{chapter.2}{\376\377\166\370\121\163\135\345\117\134}{}% 14
\BOOKMARK [1][-]{section.2.1}{\376\377\131\032\152\041\140\001\131\047\213\355\212\000\152\041\127\213}{chapter.2}% 15
\BOOKMARK [2][-]{subsection.2.1.1}{\376\377\131\032\152\041\140\001\131\047\213\355\212\000\152\041\127\213\147\266\147\204}{section.2.1}% 16
\BOOKMARK [2][-]{subsection.2.1.2}{\376\377\131\032\152\041\140\001\131\047\213\355\212\000\152\041\127\213\213\255\176\303\145\160\143\156}{section.2.1}% 17
\BOOKMARK [2][-]{subsection.2.1.3}{\376\377\131\032\152\041\140\001\131\047\213\355\212\000\152\041\127\213\213\255\176\303\166\356\150\007}{section.2.1}% 18
\BOOKMARK [1][-]{section.2.2}{\376\377\136\166\210\114\116\016\122\006\136\003\137\017\213\255\176\303\127\372\170\100}{chapter.2}% 19
\BOOKMARK [2][-]{subsection.2.2.1}{\376\377\145\160\143\156\136\166\210\114\116\016\152\041\127\213\136\166\210\114}{section.2.2}% 20
\BOOKMARK [2][-]{subsection.2.2.2}{\376\377\226\366\121\227\117\131\117\030\123\026\126\150\377\010\000Z\000e\000R\000O\377\011}{section.2.2}% 21
\BOOKMARK [1][-]{section.2.3}{\376\377\137\002\147\204\000\040\000G\000P\000U\000\040\226\306\177\244\136\166\210\114\213\255\176\303\173\126\165\145}{chapter.2}% 22
\BOOKMARK [1][-]{section.2.4}{\376\377\150\257\136\246\150\300\147\345\160\271\117\030\123\026}{chapter.2}% 23
\BOOKMARK [0][-]{chapter*.26}{\376\377\201\364\214\042}{}% 24
\BOOKMARK [0][-]{section*.27}{\376\377\123\302\200\003\145\207\163\056}{}% 25
\BOOKMARK [0][-]{chapter*.28}{\376\377\117\134\200\005\127\050\133\146\147\037\225\364\123\326\137\227\166\204\133\146\147\057\142\020\147\234}{}% 26
\BOOKMARK [0][-]{appendix.A}{\376\377\152\041\147\177\143\320\117\233\166\204\136\014\201\112\133\127\153\315\124\175\116\344\122\027\210\150}{}% 27
