\BOOKMARK [0][-]{section*.4}{\376\377\144\130\000\040\211\201}{}% 1
\BOOKMARK [0][-]{section*.5}{\376\377\000A\000b\000s\000t\000r\000a\000c\000t}{}% 2
\BOOKMARK [0][-]{chapter.1}{\376\377\176\352\213\272}{}% 3
\BOOKMARK [1][-]{section.1.1}{\376\377\170\024\172\166\200\314\146\157}{chapter.1}% 4
\BOOKMARK [2][-]{subsection.1.1.1}{\376\377\213\255\176\303\131\032\152\041\140\001\131\047\213\355\212\000\152\041\127\213\227\142\116\064\166\204\143\021\142\030}{section.1.1}% 5
\BOOKMARK [2][-]{subsection.1.1.2}{\376\377\137\002\147\204\000\040\000G\000P\000U\000\040\226\306\177\244\166\204\136\166\210\114\213\255\176\303\173\126\165\145}{section.1.1}% 6
\BOOKMARK [1][-]{section.1.2}{\376\377\126\375\121\205\131\026\170\024\172\166\163\260\162\266}{chapter.1}% 7
\BOOKMARK [2][-]{subsection.1.2.1}{\376\377\131\032\152\041\140\001\131\047\213\355\212\000\152\041\127\213\136\166\210\114\213\255\176\303\173\126\165\145\170\024\172\166\163\260\162\266}{section.1.2}% 8
\BOOKMARK [2][-]{subsection.1.2.2}{\376\377\137\002\147\204\000\040\000G\000P\000U\000\040\226\306\177\244\136\166\210\114\213\255\176\303\173\126\165\145\170\024\172\166\163\260\162\266}{section.1.2}% 9
\BOOKMARK [1][-]{section.1.3}{\376\377\170\024\172\166\121\205\133\271\116\016\215\041\163\056}{chapter.1}% 10
\BOOKMARK [2][-]{subsection.1.3.1}{\376\377\000M\000M\000o\000H\000:\131\032\152\041\140\001\131\047\213\355\212\000\152\041\127\213\127\050\137\002\147\204\000\040\000G\000P\000U\000\040\226\306\177\244\116\012\166\204\155\367\124\010\136\166\210\114}{section.1.3}% 11
\BOOKMARK [2][-]{subsection.1.3.2}{\376\377\000H\000R\000-\000M\000M\000o\000H\000:\131\032\152\041\140\001\131\047\213\355\212\000\152\041\127\213\127\050\137\002\147\204\000\040\000G\000P\000U\000\040\226\306\177\244\116\012\166\204\221\315\213\241\173\227}{section.1.3}% 12
\BOOKMARK [1][-]{section.1.4}{\376\377\213\272\145\207\176\304\176\307\176\323\147\204}{chapter.1}% 13
\BOOKMARK [0][-]{chapter.2}{\376\377\166\370\121\163\135\345\117\134}{}% 14
\BOOKMARK [1][-]{section.2.1}{\376\377\131\032\152\041\140\001\131\047\213\355\212\000\152\041\127\213}{chapter.2}% 15
\BOOKMARK [2][-]{subsection.2.1.1}{\376\377\131\032\152\041\140\001\131\047\213\355\212\000\152\041\127\213\166\204\137\002\147\204\147\266\147\204}{section.2.1}% 16
\BOOKMARK [2][-]{subsection.2.1.2}{\376\377\131\032\152\041\140\001\131\047\213\355\212\000\152\041\127\213\213\255\176\303\145\160\143\156}{section.2.1}% 17
\BOOKMARK [2][-]{subsection.2.1.3}{\376\377\131\032\152\041\140\001\131\047\213\355\212\000\152\041\127\213\213\255\176\303\217\307\172\013}{section.2.1}% 18
\BOOKMARK [1][-]{section.2.2}{\376\377\136\166\210\114\116\016\122\006\136\003\137\017\213\255\176\303\127\372\170\100}{chapter.2}% 19
\BOOKMARK [2][-]{subsection.2.2.1}{\376\377\145\160\143\156\136\166\210\114\116\016\152\041\127\213\136\166\210\114}{section.2.2}% 20
\BOOKMARK [2][-]{subsection.2.2.2}{\376\377\226\366\121\227\117\131\117\030\123\026\126\150\377\010\000Z\000e\000R\000O\377\011}{section.2.2}% 21
\BOOKMARK [1][-]{section.2.3}{\376\377\137\002\147\204\000\040\000G\000P\000U\000\040\226\306\177\244\136\166\210\114\213\255\176\303\173\126\165\145}{chapter.2}% 22
\BOOKMARK [1][-]{section.2.4}{\376\377\221\315\213\241\173\227\146\076\133\130\117\030\123\026\142\200\147\057}{chapter.2}% 23
\BOOKMARK [1][-]{section.2.5}{\376\377\147\054\172\340\134\017\176\323}{chapter.2}% 24
\BOOKMARK [0][-]{chapter.3}{\376\377\000M\000M\000o\000H\377\032\131\032\152\041\140\001\131\047\213\355\212\000\152\041\127\213\127\050\137\002\147\204\000\040\000G\000P\000U\000\040\226\306\177\244\116\012\166\204\232\330\145\110\155\367\124\010\136\166\210\114}{}% 25
\BOOKMARK [1][-]{section.3.1}{\376\377\137\025\212\000}{chapter.3}% 26
\BOOKMARK [2][-]{subsection.3.1.1}{\376\377\225\356\230\230\116\016\122\250\147\072}{section.3.1}% 27
\BOOKMARK [2][-]{subsection.3.1.2}{\376\377\000M\000M\000o\000H\000\040\150\106\147\266\151\202\211\310}{section.3.1}% 28
\BOOKMARK [1][-]{section.3.2}{\376\377\137\002\147\204\213\276\131\007\146\040\134\004\116\016\131\015\124\010\174\222\136\246\152\041\127\213\122\022\122\006}{chapter.3}% 29
\BOOKMARK [2][-]{subsection.3.2.1}{\376\377\227\000\154\102\232\161\122\250\166\204\213\276\131\007\142\323\142\121\213\306\122\053}{section.3.2}% 30
\BOOKMARK [2][-]{subsection.3.2.2}{\376\377\131\015\124\010\174\222\136\246\142\275\214\141}{section.3.2}% 31
\BOOKMARK [2][-]{subsection.3.2.3}{\376\377\121\273\176\323\141\037\167\345\166\204\152\041\127\213\122\022\122\006}{section.3.2}% 32
\BOOKMARK [1][-]{section.3.3}{\376\377\143\320\122\115\176\310\153\142\155\101\154\064\176\277\214\003\136\246\173\126\165\145}{chapter.3}% 33
\BOOKMARK [2][-]{subsection.3.3.1}{\376\377\121\227\117\131\213\306\122\053\116\016\122\152\147\235\211\304\122\031}{section.3.3}% 34
\BOOKMARK [2][-]{subsection.3.3.2}{\376\377\214\003\136\246\155\101\172\013\116\016\133\236\163\260\176\306\202\202}{section.3.3}% 35
\BOOKMARK [2][-]{subsection.3.3.3}{\376\377\133\371\142\020\147\054\152\041\127\213\116\016\122\022\122\006\173\126\165\145\166\204\137\161\124\315}{section.3.3}% 36
\BOOKMARK [2][-]{subsection.3.3.4}{\376\377\133\236\163\260\211\201\160\271}{section.3.3}% 37
\BOOKMARK [1][-]{section.3.4}{\376\377\133\236\232\214\232\214\213\301}{chapter.3}% 38
\BOOKMARK [2][-]{subsection.3.4.1}{\376\377\133\236\232\214\213\276\177\156}{section.3.4}% 39
\BOOKMARK [2][-]{subsection.3.4.2}{\376\377\133\236\232\214\176\323\147\234}{section.3.4}% 40
\BOOKMARK [2][-]{subsection.3.4.3}{\376\377\133\236\232\214\122\006\147\220}{section.3.4}% 41
\BOOKMARK [1][-]{section.3.5}{\376\377\147\054\172\340\134\017\176\323}{chapter.3}% 42
\BOOKMARK [0][-]{chapter.4}{\376\377\000H\000R\000-\000M\000M\000o\000H\000:\000\040\131\032\152\041\140\001\131\047\213\355\212\000\152\041\127\213\127\050\137\002\147\204\000\040\000G\000P\000U\000\040\226\306\177\244\116\012\166\204\221\315\213\241\173\227\173\126\165\145}{}% 43
\BOOKMARK [1][-]{section.4.1}{\376\377\137\025\212\000}{chapter.4}% 44
\BOOKMARK [1][-]{section.4.2}{\376\377\137\002\147\204\221\315\213\241\173\227}{chapter.4}% 45
\BOOKMARK [2][-]{subsection.4.2.1}{\376\377\163\260\147\011\166\204\221\315\213\241\173\227\173\126\165\145\116\016\133\232\221\317\122\006\147\220}{section.4.2}% 46
\BOOKMARK [2][-]{subsection.4.2.2}{\376\377\137\002\147\204\221\315\213\241\173\227\173\126\165\145\213\276\213\241}{section.4.2}% 47
\BOOKMARK [1][-]{section.4.3}{\376\377\133\236\232\214\232\214\213\301}{chapter.4}% 48
\BOOKMARK [2][-]{subsection.4.3.1}{\376\377\133\236\232\214\213\276\177\156}{section.4.3}% 49
\BOOKMARK [2][-]{subsection.4.3.2}{\376\377\133\236\232\214\176\323\147\234}{section.4.3}% 50
\BOOKMARK [2][-]{subsection.4.3.3}{\376\377\133\236\232\214\122\006\147\220}{section.4.3}% 51
\BOOKMARK [1][-]{section.4.4}{\376\377\147\054\172\340\134\017\176\323}{chapter.4}% 52
\BOOKMARK [0][-]{chapter.5}{\376\377\140\073\176\323\116\016\134\125\147\033}{}% 53
\BOOKMARK [1][-]{section.5.1}{\376\377\121\150\145\207\135\345\117\134\140\073\176\323}{chapter.5}% 54
\BOOKMARK [2][-]{subsection.5.1.1}{\376\377\116\073\211\201\122\033\145\260\160\271}{section.5.1}% 55
\BOOKMARK [2][-]{subsection.5.1.2}{\376\377\170\024\172\166\166\204\134\100\226\120\140\047}{section.5.1}% 56
\BOOKMARK [1][-]{section.5.2}{\376\377\147\052\147\145\135\345\117\134\134\125\147\033}{chapter.5}% 57
\BOOKMARK [2][-]{subsection.5.2.1}{\376\377\164\006\213\272\155\361\123\026}{section.5.2}% 58
\BOOKMARK [2][-]{subsection.5.2.2}{\376\377\136\224\165\050\142\323\134\125}{section.5.2}% 59
\BOOKMARK [0][-]{chapter*.78}{\376\377\201\364\214\042}{}% 60
\BOOKMARK [0][-]{section*.79}{\376\377\123\302\200\003\145\207\163\056}{}% 61
\BOOKMARK [0][-]{chapter*.81}{\376\377\117\134\200\005\127\050\133\146\147\037\225\364\123\326\137\227\166\204\133\146\147\057\142\020\147\234}{}% 62
\BOOKMARK [0][-]{chapter*.82}{\376\377\121\154\137\000\213\304\226\005\117\341\140\157}{}% 63
\BOOKMARK [0][-]{appendix.A}{\376\377\152\041\147\177\143\320\117\233\166\204\136\014\201\112\133\127\153\315\124\175\116\344\122\027\210\150}{}% 64
