This is XeTeX, Version 3.141592653-2.6-0.999994 (TeX Live 2022) (preloaded format=xelatex 2023.4.10)  21 MAR 2026 23:39
entering extended mode
 restricted \write18 enabled.
 file:line:error style messages enabled.
 %&-line parsing enabled.
**c:/Users/fanji/Desktop/nudt_thesis/a3cover/spine
(c:/Users/fanji/Desktop/nudt_thesis/a3cover/spine.tex
LaTeX2e <2021-11-15> patch level 1
L3 programming layer <2022-02-24> (d:/texlive/2022/texmf-dist/tex/latex/base/article.cls
Document Class: article 2021/10/04 v1.4n Standard LaTeX document class
(d:/texlive/2022/texmf-dist/tex/latex/base/size10.clo
File: size10.clo 2021/10/04 v1.4n Standard LaTeX file (size option)
)
\c@part=\count181
\c@section=\count182
\c@subsection=\count183
\c@subsubsection=\count184
\c@paragraph=\count185
\c@subparagraph=\count186
\c@figure=\count187
\c@table=\count188
\abovecaptionskip=\skip47
\belowcaptionskip=\skip48
\bibindent=\dimen138
) (d:/texlive/2022/texmf-dist/tex/latex/geometry/geometry.sty
Package: geometry 2020/01/02 v5.9 Page Geometry
 (d:/texlive/2022/texmf-dist/tex/latex/graphics/keyval.sty
Package: keyval 2014/10/28 v1.15 key=value parser (DPC)
\KV@toks@=\toks16
) (d:/texlive/2022/texmf-dist/tex/generic/iftex/ifvtex.sty
Package: ifvtex 2019/10/25 v1.7 ifvtex legacy package. Use iftex instead.
 (d:/texlive/2022/texmf-dist/tex/generic/iftex/iftex.sty
Package: iftex 2022/02/03 v1.0f TeX engine tests
))
\Gm@cnth=\count189
\Gm@cntv=\count190
\c@Gm@tempcnt=\count191
\Gm@bindingoffset=\dimen139
\Gm@wd@mp=\dimen140
\Gm@odd@mp=\dimen141
\Gm@even@mp=\dimen142
\Gm@layoutwidth=\dimen143
\Gm@layoutheight=\dimen144
\Gm@layouthoffset=\dimen145
\Gm@layoutvoffset=\dimen146
\Gm@dimlist=\toks17
) (d:/texlive/2022/texmf-dist/tex/latex/graphics/graphicx.sty
Package: graphicx 2021/09/16 v1.2d Enhanced LaTeX Graphics (DPC,SPQR)
 (d:/texlive/2022/texmf-dist/tex/latex/graphics/graphics.sty
Package: graphics 2021/03/04 v1.4d Standard LaTeX Graphics (DPC,SPQR)
 (d:/texlive/2022/texmf-dist/tex/latex/graphics/trig.sty
Package: trig 2021/08/11 v1.11 sin cos tan (DPC)
) (d:/texlive/2022/texmf-dist/tex/latex/graphics-cfg/graphics.cfg
File: graphics.cfg 2016/06/04 v1.11 sample graphics configuration
)
Package graphics Info: Driver file: xetex.def on input line 107.
 (d:/texlive/2022/texmf-dist/tex/latex/graphics-def/xetex.def
File: xetex.def 2021/03/18 v5.0k Graphics/color driver for xetex
))
\Gin@req@height=\dimen147
\Gin@req@width=\dimen148
) (d:/texlive/2022/texmf-dist/tex/xelatex/xecjk/xeCJK.sty (d:/texlive/2022/texmf-dist/tex/latex/l3kernel/expl3.sty
Package: expl3 2022-02-24 L3 programming layer (loader) 
 (d:/texlive/2022/texmf-dist/tex/latex/l3backend/l3backend-xetex.def
File: l3backend-xetex.def 2022-02-07 L3 backend support: XeTeX
 (|extractbb --version)
\c__kernel_sys_dvipdfmx_version_int=\count192
\l__color_backend_stack_int=\count193
\g__color_backend_stack_int=\count194
\g__graphics_track_int=\count195
\l__pdf_internal_box=\box50
\g__pdf_backend_object_int=\count196
\g__pdf_backend_annotation_int=\count197
\g__pdf_backend_link_int=\count198
))
Package: xeCJK 2021/12/12 v3.8.8 Typesetting CJK scripts with XeLaTeX
 (d:/texlive/2022/texmf-dist/tex/latex/ctex/ctexhook.sty
Package: ctexhook 2021/12/12 v2.5.8 Document and package hooks (CTEX)
) (d:/texlive/2022/texmf-dist/tex/latex/l3packages/l3keys2e/l3keys2e.sty
Package: l3keys2e 2022-01-12 LaTeX2e option processing using LaTeX3 keys
) (d:/texlive/2022/texmf-dist/tex/latex/l3packages/xtemplate/xtemplate.sty
Package: xtemplate 2022-01-12 L3 Experimental prototype document functions
\l__xtemplate_tmp_dim=\dimen149
\l__xtemplate_tmp_int=\count199
\l__xtemplate_tmp_muskip=\muskip16
\l__xtemplate_tmp_skip=\skip49
) (d:/texlive/2022/texmf-dist/tex/latex/l3packages/xparse/xparse.sty
Package: xparse 2022-01-12 L3 Experimental document command parser
)
\l__xeCJK_tmp_int=\count266
\l__xeCJK_tmp_box=\box51
\l__xeCJK_tmp_dim=\dimen150
\l__xeCJK_tmp_skip=\skip50
\g__xeCJK_space_factor_int=\count267
\l__xeCJK_begin_int=\count268
\l__xeCJK_end_int=\count269
\c__xeCJK_CJK_class_int=\XeTeXcharclass1
\c__xeCJK_FullLeft_class_int=\XeTeXcharclass2
\c__xeCJK_FullRight_class_int=\XeTeXcharclass3
\c__xeCJK_HalfLeft_class_int=\XeTeXcharclass4
\c__xeCJK_HalfRight_class_int=\XeTeXcharclass5
\c__xeCJK_NormalSpace_class_int=\XeTeXcharclass6
\c__xeCJK_CM_class_int=\XeTeXcharclass7
\c__xeCJK_HangulJamo_class_int=\XeTeXcharclass8
\l__xeCJK_last_skip=\skip51
\g__xeCJK_node_int=\count270
\c__xeCJK_CJK_node_dim=\dimen151
\c__xeCJK_CJK-space_node_dim=\dimen152
\c__xeCJK_default_node_dim=\dimen153
\c__xeCJK_default-space_node_dim=\dimen154
\c__xeCJK_CJK-widow_node_dim=\dimen155
\c__xeCJK_normalspace_node_dim=\dimen156
\l__xeCJK_ccglue_skip=\skip52
\l__xeCJK_ecglue_skip=\skip53
\l__xeCJK_punct_kern_skip=\skip54
\l__xeCJK_last_penalty_int=\count271
\l__xeCJK_last_bound_dim=\dimen157
\l__xeCJK_last_kern_dim=\dimen158
\l__xeCJK_widow_penalty_int=\count272

Package xtemplate Info: Declaring object type 'xeCJK/punctuation' taking 0
(xtemplate)             argument(s) on line 2337.

\l__xeCJK_fixed_punct_width_dim=\dimen159
\l__xeCJK_mixed_punct_width_dim=\dimen160
\l__xeCJK_middle_punct_width_dim=\dimen161
\l__xeCJK_fixed_margin_width_dim=\dimen162
\l__xeCJK_mixed_margin_width_dim=\dimen163
\l__xeCJK_middle_margin_width_dim=\dimen164
\l__xeCJK_bound_punct_width_dim=\dimen165
\l__xeCJK_bound_margin_width_dim=\dimen166
\l__xeCJK_margin_minimum_dim=\dimen167
\l__xeCJK_kerning_total_width_dim=\dimen168
\l__xeCJK_same_align_margin_dim=\dimen169
\l__xeCJK_different_align_margin_dim=\dimen170
\l__xeCJK_kerning_margin_width_dim=\dimen171
\l__xeCJK_kerning_margin_minimum_dim=\dimen172
\l__xeCJK_bound_dim=\dimen173
\l__xeCJK_reverse_bound_dim=\dimen174
\l__xeCJK_margin_dim=\dimen175
\l__xeCJK_minimum_bound_dim=\dimen176
\l__xeCJK_kerning_margin_dim=\dimen177
\g__xeCJK_family_int=\count273
\l__xeCJK_fam_int=\count274
\g__xeCJK_fam_allocation_int=\count275
\l__xeCJK_verb_case_int=\count276
\l__xeCJK_verb_exspace_skip=\skip55


Package xeCJK Warning: The `CJKnumber' option is deprecated.
(xeCJK)                You may load the package `CJKnumb' after xeCJK to use
(xeCJK)                its function.
(xeCJK)                

(d:/texlive/2022/texmf-dist/tex/latex/fontspec/fontspec.sty
Package: fontspec 2022/01/15 v2.8a Font selection for XeLaTeX and LuaLaTeX
 (d:/texlive/2022/texmf-dist/tex/latex/fontspec/fontspec-xetex.sty
Package: fontspec-xetex 2022/01/15 v2.8a Font selection for XeLaTeX and LuaLaTeX
\l__fontspec_script_int=\count277
\l__fontspec_language_int=\count278
\l__fontspec_strnum_int=\count279
\l__fontspec_tmp_int=\count280
\l__fontspec_tmpa_int=\count281
\l__fontspec_tmpb_int=\count282
\l__fontspec_tmpc_int=\count283
\l__fontspec_em_int=\count284
\l__fontspec_emdef_int=\count285
\l__fontspec_strong_int=\count286
\l__fontspec_strongdef_int=\count287
\l__fontspec_tmpa_dim=\dimen178
\l__fontspec_tmpb_dim=\dimen179
\l__fontspec_tmpc_dim=\dimen180
 (d:/texlive/2022/texmf-dist/tex/latex/base/fontenc.sty
Package: fontenc 2021/04/29 v2.0v Standard LaTeX package
) (d:/texlive/2022/texmf-dist/tex/latex/fontspec/fontspec.cfg))) (d:/texlive/2022/texmf-dist/tex/xelatex/xecjk/xeCJK.cfg
File: xeCJK.cfg 2021/12/12 v3.8.8 Configuration file for xeCJK package
))

Package fontspec Info: Could not resolve font "SimSun/BI" (it probably doesn't
(fontspec)             exist).


Package fontspec Info: Could not resolve font "SimSun/B" (it probably doesn't
(fontspec)             exist).


Package fontspec Info: Could not resolve font "SimSun/I" (it probably doesn't
(fontspec)             exist).


Package fontspec Info: Font family 'SimSun(0)' created for font 'SimSun' with
(fontspec)             options [Ligatures=TeX].
(fontspec)              
(fontspec)              This font family consists of the following NFSS
(fontspec)             series/shapes:
(fontspec)              
(fontspec)             - 'normal' (m/n) with NFSS spec.:
(fontspec)             <->"SimSun/OT:language=dflt;mapping=tex-text;"
(fontspec)             - 'small caps'  (m/sc) with NFSS spec.: 


Package fontspec Info: Could not resolve font "SimSun/B" (it probably doesn't
(fontspec)             exist).


Package fontspec Info: Could not resolve font "STZhongsong/I" (it probably
(fontspec)             doesn't exist).


Package fontspec Info: Could not resolve font "SimSun/BI" (it probably doesn't
(fontspec)             exist).



c:/Users/fanji/Desktop/nudt_thesis/a3cover/spine.tex:14: Package fontspec Error: The font "STZhongsong" cannot be found.

For immediate help type H <return>.
 ...                                              
                                                  
l.14 ...JKmainfont[BoldFont={STZhongsong}]{SimSun}
                                                  

A font might not be found for many reasons.
 Check the spelling, where the font is installed etc. etc.

 When in doubt, ask someone for help!



c:/Users/fanji/Desktop/nudt_thesis/a3cover/spine.tex:14: Package fontspec Error: The font "STZhongsong" cannot be found.

For immediate help type H <return>.
 ...                                              
                                                  
l.14 ...JKmainfont[BoldFont={STZhongsong}]{SimSun}
                                                  

A font might not be found for many reasons.
 Check the spelling, where the font is installed etc. etc.

 When in doubt, ask someone for help!


c:/Users/fanji/Desktop/nudt_thesis/a3cover/spine.tex:14: Cannot use \XeTeXOTcountfeatures with nullfont; not an OpenType Layout font.
<argument> \XeTeXOTcountfeatures \l_fontspec_font 
                                                  \l__fontspec_script_int \l...
l.14 ...JKmainfont[BoldFont={STZhongsong}]{SimSun}
                                                  

c:/Users/fanji/Desktop/nudt_thesis/a3cover/spine.tex:14: Cannot use \XeTeXOTfeaturetag with nullfont; not an OpenType Layout font.
<argument> ...\XeTeXOTfeaturetag \l_fontspec_font 
                                                  \l__fontspec_script_int \l...
l.14 ...JKmainfont[BoldFont={STZhongsong}]{SimSun}
                                                  

c:/Users/fanji/Desktop/nudt_thesis/a3cover/spine.tex:14: Missing = inserted for \ifnum.
<to be read again> 
                   \l__fontspec_script_int 
l.14 ...JKmainfont[BoldFont={STZhongsong}]{SimSun}
                                                  
I was expecting to see `<', `=', or `>'. Didn't.

c:/Users/fanji/Desktop/nudt_thesis/a3cover/spine.tex:14: Cannot use \XeTeXOTfeaturetag with nullfont; not an OpenType Layout font.
<argument> ...\XeTeXOTfeaturetag \l_fontspec_font 
                                                  \l__fontspec_script_int \l...
l.14 ...JKmainfont[BoldFont={STZhongsong}]{SimSun}
                                                  

c:/Users/fanji/Desktop/nudt_thesis/a3cover/spine.tex:14: Missing = inserted for \ifnum.
<to be read again> 
                   \l__fontspec_script_int 
l.14 ...JKmainfont[BoldFont={STZhongsong}]{SimSun}
                                                  
I was expecting to see `<', `=', or `>'. Didn't.

c:/Users/fanji/Desktop/nudt_thesis/a3cover/spine.tex:14: Cannot use \XeTeXOTfeaturetag with nullfont; not an OpenType Layout font.
<argument> ...\XeTeXOTfeaturetag \l_fontspec_font 
                                                  \l__fontspec_script_int \l...
l.14 ...JKmainfont[BoldFont={STZhongsong}]{SimSun}
                                                  

c:/Users/fanji/Desktop/nudt_thesis/a3cover/spine.tex:14: Missing = inserted for \ifnum.
<to be read again> 
                   \l__fontspec_script_int 
l.14 ...JKmainfont[BoldFont={STZhongsong}]{SimSun}
                                                  
I was expecting to see `<', `=', or `>'. Didn't.

c:/Users/fanji/Desktop/nudt_thesis/a3cover/spine.tex:14: Cannot use \XeTeXOTfeaturetag with nullfont; not an OpenType Layout font.
<argument> ...\XeTeXOTfeaturetag \l_fontspec_font 
                                                  \l__fontspec_script_int \l...
l.14 ...JKmainfont[BoldFont={STZhongsong}]{SimSun}
                                                  

c:/Users/fanji/Desktop/nudt_thesis/a3cover/spine.tex:14: Missing = inserted for \ifnum.
<to be read again> 
                   \l__fontspec_script_int 
l.14 ...JKmainfont[BoldFont={STZhongsong}]{SimSun}
                                                  
I was expecting to see `<', `=', or `>'. Didn't.

c:/Users/fanji/Desktop/nudt_thesis/a3cover/spine.tex:14: Cannot use \XeTeXOTfeaturetag with nullfont; not an OpenType Layout font.
<argument> ...\XeTeXOTfeaturetag \l_fontspec_font 
                                                  \l__fontspec_script_int \l...
l.14 ...JKmainfont[BoldFont={STZhongsong}]{SimSun}
                                                  

c:/Users/fanji/Desktop/nudt_thesis/a3cover/spine.tex:14: Missing = inserted for \ifnum.
<to be read again> 
                   \l__fontspec_script_int 
l.14 ...JKmainfont[BoldFont={STZhongsong}]{SimSun}
                                                  
I was expecting to see `<', `=', or `>'. Didn't.

c:/Users/fanji/Desktop/nudt_thesis/a3cover/spine.tex:14: Cannot use \XeTeXOTfeaturetag with nullfont; not an OpenType Layout font.
<argument> ...\XeTeXOTfeaturetag \l_fontspec_font 
                                                  \l__fontspec_script_int \l...
l.14 ...JKmainfont[BoldFont={STZhongsong}]{SimSun}
                                                  

c:/Users/fanji/Desktop/nudt_thesis/a3cover/spine.tex:14: Missing = inserted for \ifnum.
<to be read again> 
                   \l__fontspec_script_int 
l.14 ...JKmainfont[BoldFont={STZhongsong}]{SimSun}
                                                  
I was expecting to see `<', `=', or `>'. Didn't.

c:/Users/fanji/Desktop/nudt_thesis/a3cover/spine.tex:14: Cannot use \XeTeXOTfeaturetag with nullfont; not an OpenType Layout font.
<argument> ...\XeTeXOTfeaturetag \l_fontspec_font 
                                                  \l__fontspec_script_int \l...
l.14 ...JKmainfont[BoldFont={STZhongsong}]{SimSun}
                                                  

c:/Users/fanji/Desktop/nudt_thesis/a3cover/spine.tex:14: Missing = inserted for \ifnum.
<to be read again> 
                   \l__fontspec_script_int 
l.14 ...JKmainfont[BoldFont={STZhongsong}]{SimSun}
                                                  
I was expecting to see `<', `=', or `>'. Didn't.

c:/Users/fanji/Desktop/nudt_thesis/a3cover/spine.tex:14: Cannot use \XeTeXOTfeaturetag with nullfont; not an OpenType Layout font.
<argument> ...\XeTeXOTfeaturetag \l_fontspec_font 
                                                  \l__fontspec_script_int \l...
l.14 ...JKmainfont[BoldFont={STZhongsong}]{SimSun}
                                                  

c:/Users/fanji/Desktop/nudt_thesis/a3cover/spine.tex:14: Missing = inserted for \ifnum.
<to be read again> 
                   \l__fontspec_script_int 
l.14 ...JKmainfont[BoldFont={STZhongsong}]{SimSun}
                                                  
I was expecting to see `<', `=', or `>'. Didn't.

c:/Users/fanji/Desktop/nudt_thesis/a3cover/spine.tex:14: Cannot use \XeTeXOTfeaturetag with nullfont; not an OpenType Layout font.
<argument> ...\XeTeXOTfeaturetag \l_fontspec_font 
                                                  \l__fontspec_script_int \l...
l.14 ...JKmainfont[BoldFont={STZhongsong}]{SimSun}
                                                  

c:/Users/fanji/Desktop/nudt_thesis/a3cover/spine.tex:14: Missing = inserted for \ifnum.
<to be read again> 
                   \l__fontspec_script_int 
l.14 ...JKmainfont[BoldFont={STZhongsong}]{SimSun}
                                                  
I was expecting to see `<', `=', or `>'. Didn't.

c:/Users/fanji/Desktop/nudt_thesis/a3cover/spine.tex:14: Cannot use \XeTeXOTfeaturetag with nullfont; not an OpenType Layout font.
<argument> ...\XeTeXOTfeaturetag \l_fontspec_font 
                                                  \l__fontspec_script_int \l...
l.14 ...JKmainfont[BoldFont={STZhongsong}]{SimSun}
                                                  

c:/Users/fanji/Desktop/nudt_thesis/a3cover/spine.tex:14: Missing = inserted for \ifnum.
<to be read again> 
                   \l__fontspec_script_int 
l.14 ...JKmainfont[BoldFont={STZhongsong}]{SimSun}
                                                  
I was expecting to see `<', `=', or `>'. Didn't.

c:/Users/fanji/Desktop/nudt_thesis/a3cover/spine.tex:14: Cannot use \XeTeXOTfeaturetag with nullfont; not an OpenType Layout font.
<argument> ...\XeTeXOTfeaturetag \l_fontspec_font 
                                                  \l__fontspec_script_int \l...
l.14 ...JKmainfont[BoldFont={STZhongsong}]{SimSun}
                                                  

c:/Users/fanji/Desktop/nudt_thesis/a3cover/spine.tex:14: Missing = inserted for \ifnum.
<to be read again> 
                   \l__fontspec_script_int 
l.14 ...JKmainfont[BoldFont={STZhongsong}]{SimSun}
                                                  
I was expecting to see `<', `=', or `>'. Didn't.

c:/Users/fanji/Desktop/nudt_thesis/a3cover/spine.tex:14: Cannot use \XeTeXOTfeaturetag with nullfont; not an OpenType Layout font.
<argument> ...\XeTeXOTfeaturetag \l_fontspec_font 
                                                  \l__fontspec_script_int \l...
l.14 ...JKmainfont[BoldFont={STZhongsong}]{SimSun}
                                                  

c:/Users/fanji/Desktop/nudt_thesis/a3cover/spine.tex:14: Missing = inserted for \ifnum.
<to be read again> 
                   \l__fontspec_script_int 
l.14 ...JKmainfont[BoldFont={STZhongsong}]{SimSun}
                                                  
I was expecting to see `<', `=', or `>'. Didn't.

c:/Users/fanji/Desktop/nudt_thesis/a3cover/spine.tex:14: Cannot use \XeTeXOTfeaturetag with nullfont; not an OpenType Layout font.
<argument> ...\XeTeXOTfeaturetag \l_fontspec_font 
                                                  \l__fontspec_script_int \l...
l.14 ...JKmainfont[BoldFont={STZhongsong}]{SimSun}
                                                  

c:/Users/fanji/Desktop/nudt_thesis/a3cover/spine.tex:14: Missing = inserted for \ifnum.
<to be read again> 
                   \l__fontspec_script_int 
l.14 ...JKmainfont[BoldFont={STZhongsong}]{SimSun}
                                                  
I was expecting to see `<', `=', or `>'. Didn't.

c:/Users/fanji/Desktop/nudt_thesis/a3cover/spine.tex:14: Cannot use \XeTeXOTfeaturetag with nullfont; not an OpenType Layout font.
<argument> ...\XeTeXOTfeaturetag \l_fontspec_font 
                                                  \l__fontspec_script_int \l...
l.14 ...JKmainfont[BoldFont={STZhongsong}]{SimSun}
                                                  

c:/Users/fanji/Desktop/nudt_thesis/a3cover/spine.tex:14: Missing = inserted for \ifnum.
<to be read again> 
                   \l__fontspec_script_int 
l.14 ...JKmainfont[BoldFont={STZhongsong}]{SimSun}
                                                  
I was expecting to see `<', `=', or `>'. Didn't.

c:/Users/fanji/Desktop/nudt_thesis/a3cover/spine.tex:14: Cannot use \XeTeXOTfeaturetag with nullfont; not an OpenType Layout font.
<argument> ...\XeTeXOTfeaturetag \l_fontspec_font 
                                                  \l__fontspec_script_int \l...
l.14 ...JKmainfont[BoldFont={STZhongsong}]{SimSun}
                                                  

c:/Users/fanji/Desktop/nudt_thesis/a3cover/spine.tex:14: Missing = inserted for \ifnum.
<to be read again> 
                   \l__fontspec_script_int 
l.14 ...JKmainfont[BoldFont={STZhongsong}]{SimSun}
                                                  
I was expecting to see `<', `=', or `>'. Didn't.

c:/Users/fanji/Desktop/nudt_thesis/a3cover/spine.tex:14: Cannot use \XeTeXOTfeaturetag with nullfont; not an OpenType Layout font.
<argument> ...\XeTeXOTfeaturetag \l_fontspec_font 
                                                  \l__fontspec_script_int \l...
l.14 ...JKmainfont[BoldFont={STZhongsong}]{SimSun}
                                                  

c:/Users/fanji/Desktop/nudt_thesis/a3cover/spine.tex:14: Missing = inserted for \ifnum.
<to be read again> 
                   \l__fontspec_script_int 
l.14 ...JKmainfont[BoldFont={STZhongsong}]{SimSun}
                                                  
I was expecting to see `<', `=', or `>'. Didn't.

c:/Users/fanji/Desktop/nudt_thesis/a3cover/spine.tex:14: Cannot use \XeTeXOTfeaturetag with nullfont; not an OpenType Layout font.
<argument> ...\XeTeXOTfeaturetag \l_fontspec_font 
                                                  \l__fontspec_script_int \l...
l.14 ...JKmainfont[BoldFont={STZhongsong}]{SimSun}
                                                  

c:/Users/fanji/Desktop/nudt_thesis/a3cover/spine.tex:14: Missing = inserted for \ifnum.
<to be read again> 
                   \l__fontspec_script_int 
l.14 ...JKmainfont[BoldFont={STZhongsong}]{SimSun}
                                                  
I was expecting to see `<', `=', or `>'. Didn't.

c:/Users/fanji/Desktop/nudt_thesis/a3cover/spine.tex:14: Cannot use \XeTeXOTfeaturetag with nullfont; not an OpenType Layout font.
<argument> ...\XeTeXOTfeaturetag \l_fontspec_font 
                                                  \l__fontspec_script_int \l...
l.14 ...JKmainfont[BoldFont={STZhongsong}]{SimSun}
                                                  

c:/Users/fanji/Desktop/nudt_thesis/a3cover/spine.tex:14: Missing = inserted for \ifnum.
<to be read again> 
                   \l__fontspec_script_int 
l.14 ...JKmainfont[BoldFont={STZhongsong}]{SimSun}
                                                  
I was expecting to see `<', `=', or `>'. Didn't.

c:/Users/fanji/Desktop/nudt_thesis/a3cover/spine.tex:14: Cannot use \XeTeXOTfeaturetag with nullfont; not an OpenType Layout font.
<argument> ...\XeTeXOTfeaturetag \l_fontspec_font 
                                                  \l__fontspec_script_int \l...
l.14 ...JKmainfont[BoldFont={STZhongsong}]{SimSun}
                                                  

c:/Users/fanji/Desktop/nudt_thesis/a3cover/spine.tex:14: Missing = inserted for \ifnum.
<to be read again> 
                   \l__fontspec_script_int 
l.14 ...JKmainfont[BoldFont={STZhongsong}]{SimSun}
                                                  
I was expecting to see `<', `=', or `>'. Didn't.

c:/Users/fanji/Desktop/nudt_thesis/a3cover/spine.tex:14: Cannot use \XeTeXOTfeaturetag with nullfont; not an OpenType Layout font.
<argument> ...\XeTeXOTfeaturetag \l_fontspec_font 
                                                  \l__fontspec_script_int \l...
l.14 ...JKmainfont[BoldFont={STZhongsong}]{SimSun}
                                                  

c:/Users/fanji/Desktop/nudt_thesis/a3cover/spine.tex:14: Missing = inserted for \ifnum.
<to be read again> 
                   \l__fontspec_script_int 
l.14 ...JKmainfont[BoldFont={STZhongsong}]{SimSun}
                                                  
I was expecting to see `<', `=', or `>'. Didn't.

c:/Users/fanji/Desktop/nudt_thesis/a3cover/spine.tex:14: Cannot use \XeTeXOTfeaturetag with nullfont; not an OpenType Layout font.
<argument> ...\XeTeXOTfeaturetag \l_fontspec_font 
                                                  \l__fontspec_script_int \l...
l.14 ...JKmainfont[BoldFont={STZhongsong}]{SimSun}
                                                  

c:/Users/fanji/Desktop/nudt_thesis/a3cover/spine.tex:14: Missing = inserted for \ifnum.
<to be read again> 
                   \l__fontspec_script_int 
l.14 ...JKmainfont[BoldFont={STZhongsong}]{SimSun}
                                                  
I was expecting to see `<', `=', or `>'. Didn't.

c:/Users/fanji/Desktop/nudt_thesis/a3cover/spine.tex:14: Cannot use \XeTeXOTfeaturetag with nullfont; not an OpenType Layout font.
<argument> ...\XeTeXOTfeaturetag \l_fontspec_font 
                                                  \l__fontspec_script_int \l...
l.14 ...JKmainfont[BoldFont={STZhongsong}]{SimSun}
                                                  

c:/Users/fanji/Desktop/nudt_thesis/a3cover/spine.tex:14: Missing = inserted for \ifnum.
<to be read again> 
                   \l__fontspec_script_int 
l.14 ...JKmainfont[BoldFont={STZhongsong}]{SimSun}
                                                  
I was expecting to see `<', `=', or `>'. Didn't.

c:/Users/fanji/Desktop/nudt_thesis/a3cover/spine.tex:14: Cannot use \XeTeXOTfeaturetag with nullfont; not an OpenType Layout font.
<argument> ...\XeTeXOTfeaturetag \l_fontspec_font 
                                                  \l__fontspec_script_int \l...
l.14 ...JKmainfont[BoldFont={STZhongsong}]{SimSun}
                                                  

c:/Users/fanji/Desktop/nudt_thesis/a3cover/spine.tex:14: Missing = inserted for \ifnum.
<to be read again> 
                   \l__fontspec_script_int 
l.14 ...JKmainfont[BoldFont={STZhongsong}]{SimSun}
                                                  
I was expecting to see `<', `=', or `>'. Didn't.

c:/Users/fanji/Desktop/nudt_thesis/a3cover/spine.tex:14: Cannot use \XeTeXOTfeaturetag with nullfont; not an OpenType Layout font.
<argument> ...\XeTeXOTfeaturetag \l_fontspec_font 
                                                  \l__fontspec_script_int \l...
l.14 ...JKmainfont[BoldFont={STZhongsong}]{SimSun}
                                                  

c:/Users/fanji/Desktop/nudt_thesis/a3cover/spine.tex:14: Missing = inserted for \ifnum.
<to be read again> 
                   \l__fontspec_script_int 
l.14 ...JKmainfont[BoldFont={STZhongsong}]{SimSun}
                                                  
I was expecting to see `<', `=', or `>'. Didn't.

c:/Users/fanji/Desktop/nudt_thesis/a3cover/spine.tex:14: Cannot use \XeTeXOTfeaturetag with nullfont; not an OpenType Layout font.
<argument> ...\XeTeXOTfeaturetag \l_fontspec_font 
                                                  \l__fontspec_script_int \l...
l.14 ...JKmainfont[BoldFont={STZhongsong}]{SimSun}
                                                  

c:/Users/fanji/Desktop/nudt_thesis/a3cover/spine.tex:14: Missing = inserted for \ifnum.
<to be read again> 
                   \l__fontspec_script_int 
l.14 ...JKmainfont[BoldFont={STZhongsong}]{SimSun}
                                                  
I was expecting to see `<', `=', or `>'. Didn't.

c:/Users/fanji/Desktop/nudt_thesis/a3cover/spine.tex:14: Cannot use \XeTeXOTfeaturetag with nullfont; not an OpenType Layout font.
<argument> ...\XeTeXOTfeaturetag \l_fontspec_font 
                                                  \l__fontspec_script_int \l...
l.14 ...JKmainfont[BoldFont={STZhongsong}]{SimSun}
                                                  

c:/Users/fanji/Desktop/nudt_thesis/a3cover/spine.tex:14: Missing = inserted for \ifnum.
<to be read again> 
                   \l__fontspec_script_int 
l.14 ...JKmainfont[BoldFont={STZhongsong}]{SimSun}
                                                  
I was expecting to see `<', `=', or `>'. Didn't.

c:/Users/fanji/Desktop/nudt_thesis/a3cover/spine.tex:14: Cannot use \XeTeXOTfeaturetag with nullfont; not an OpenType Layout font.
<argument> ...\XeTeXOTfeaturetag \l_fontspec_font 
                                                  \l__fontspec_script_int \l...
l.14 ...JKmainfont[BoldFont={STZhongsong}]{SimSun}
                                                  

c:/Users/fanji/Desktop/nudt_thesis/a3cover/spine.tex:14: Missing = inserted for \ifnum.
<to be read again> 
                   \l__fontspec_script_int 
l.14 ...JKmainfont[BoldFont={STZhongsong}]{SimSun}
                                                  
I was expecting to see `<', `=', or `>'. Didn't.

c:/Users/fanji/Desktop/nudt_thesis/a3cover/spine.tex:14: Cannot use \XeTeXOTfeaturetag with nullfont; not an OpenType Layout font.
<argument> ...\XeTeXOTfeaturetag \l_fontspec_font 
                                                  \l__fontspec_script_int \l...
l.14 ...JKmainfont[BoldFont={STZhongsong}]{SimSun}
                                                  

c:/Users/fanji/Desktop/nudt_thesis/a3cover/spine.tex:14: Missing = inserted for \ifnum.
<to be read again> 
                   \l__fontspec_script_int 
l.14 ...JKmainfont[BoldFont={STZhongsong}]{SimSun}
                                                  
I was expecting to see `<', `=', or `>'. Didn't.

c:/Users/fanji/Desktop/nudt_thesis/a3cover/spine.tex:14: Cannot use \XeTeXOTfeaturetag with nullfont; not an OpenType Layout font.
<argument> ...\XeTeXOTfeaturetag \l_fontspec_font 
                                                  \l__fontspec_script_int \l...
l.14 ...JKmainfont[BoldFont={STZhongsong}]{SimSun}
                                                  

c:/Users/fanji/Desktop/nudt_thesis/a3cover/spine.tex:14: Missing = inserted for \ifnum.
<to be read again> 
                   \l__fontspec_script_int 
l.14 ...JKmainfont[BoldFont={STZhongsong}]{SimSun}
                                                  
I was expecting to see `<', `=', or `>'. Didn't.

c:/Users/fanji/Desktop/nudt_thesis/a3cover/spine.tex:14: Cannot use \XeTeXOTfeaturetag with nullfont; not an OpenType Layout font.
<argument> ...\XeTeXOTfeaturetag \l_fontspec_font 
                                                  \l__fontspec_script_int \l...
l.14 ...JKmainfont[BoldFont={STZhongsong}]{SimSun}
                                                  

c:/Users/fanji/Desktop/nudt_thesis/a3cover/spine.tex:14: Missing = inserted for \ifnum.
<to be read again> 
                   \l__fontspec_script_int 
l.14 ...JKmainfont[BoldFont={STZhongsong}]{SimSun}
                                                  
I was expecting to see `<', `=', or `>'. Didn't.

c:/Users/fanji/Desktop/nudt_thesis/a3cover/spine.tex:14: Cannot use \XeTeXOTfeaturetag with nullfont; not an OpenType Layout font.
<argument> ...\XeTeXOTfeaturetag \l_fontspec_font 
                                                  \l__fontspec_script_int \l...
l.14 ...JKmainfont[BoldFont={STZhongsong}]{SimSun}
                                                  

c:/Users/fanji/Desktop/nudt_thesis/a3cover/spine.tex:14: Missing = inserted for \ifnum.
<to be read again> 
                   \l__fontspec_script_int 
l.14 ...JKmainfont[BoldFont={STZhongsong}]{SimSun}
                                                  
I was expecting to see `<', `=', or `>'. Didn't.

c:/Users/fanji/Desktop/nudt_thesis/a3cover/spine.tex:14: Cannot use \XeTeXOTfeaturetag with nullfont; not an OpenType Layout font.
<argument> ...\XeTeXOTfeaturetag \l_fontspec_font 
                                                  \l__fontspec_script_int \l...
l.14 ...JKmainfont[BoldFont={STZhongsong}]{SimSun}
                                                  

c:/Users/fanji/Desktop/nudt_thesis/a3cover/spine.tex:14: Missing = inserted for \ifnum.
<to be read again> 
                   \l__fontspec_script_int 
l.14 ...JKmainfont[BoldFont={STZhongsong}]{SimSun}
                                                  
I was expecting to see `<', `=', or `>'. Didn't.

c:/Users/fanji/Desktop/nudt_thesis/a3cover/spine.tex:14: Cannot use \XeTeXOTfeaturetag with nullfont; not an OpenType Layout font.
<argument> ...\XeTeXOTfeaturetag \l_fontspec_font 
                                                  \l__fontspec_script_int \l...
l.14 ...JKmainfont[BoldFont={STZhongsong}]{SimSun}
                                                  

c:/Users/fanji/Desktop/nudt_thesis/a3cover/spine.tex:14: Missing = inserted for \ifnum.
<to be read again> 
                   \l__fontspec_script_int 
l.14 ...JKmainfont[BoldFont={STZhongsong}]{SimSun}
                                                  
I was expecting to see `<', `=', or `>'. Didn't.

c:/Users/fanji/Desktop/nudt_thesis/a3cover/spine.tex:14: Cannot use \XeTeXOTfeaturetag with nullfont; not an OpenType Layout font.
<argument> ...\XeTeXOTfeaturetag \l_fontspec_font 
                                                  \l__fontspec_script_int \l...
l.14 ...JKmainfont[BoldFont={STZhongsong}]{SimSun}
                                                  

c:/Users/fanji/Desktop/nudt_thesis/a3cover/spine.tex:14: Missing = inserted for \ifnum.
<to be read again> 
                   \l__fontspec_script_int 
l.14 ...JKmainfont[BoldFont={STZhongsong}]{SimSun}
                                                  
I was expecting to see `<', `=', or `>'. Didn't.

c:/Users/fanji/Desktop/nudt_thesis/a3cover/spine.tex:14: Cannot use \XeTeXOTfeaturetag with nullfont; not an OpenType Layout font.
<argument> ...\XeTeXOTfeaturetag \l_fontspec_font 
                                                  \l__fontspec_script_int \l...
l.14 ...JKmainfont[BoldFont={STZhongsong}]{SimSun}
                                                  

c:/Users/fanji/Desktop/nudt_thesis/a3cover/spine.tex:14: Missing = inserted for \ifnum.
<to be read again> 
                   \l__fontspec_script_int 
l.14 ...JKmainfont[BoldFont={STZhongsong}]{SimSun}
                                                  
I was expecting to see `<', `=', or `>'. Didn't.

c:/Users/fanji/Desktop/nudt_thesis/a3cover/spine.tex:14: Cannot use \XeTeXOTfeaturetag with nullfont; not an OpenType Layout font.
<argument> ...\XeTeXOTfeaturetag \l_fontspec_font 
                                                  \l__fontspec_script_int \l...
l.14 ...JKmainfont[BoldFont={STZhongsong}]{SimSun}
                                                  

c:/Users/fanji/Desktop/nudt_thesis/a3cover/spine.tex:14: Missing = inserted for \ifnum.
<to be read again> 
                   \l__fontspec_script_int 
l.14 ...JKmainfont[BoldFont={STZhongsong}]{SimSun}
                                                  
I was expecting to see `<', `=', or `>'. Didn't.

c:/Users/fanji/Desktop/nudt_thesis/a3cover/spine.tex:14: Cannot use \XeTeXOTfeaturetag with nullfont; not an OpenType Layout font.
<argument> ...\XeTeXOTfeaturetag \l_fontspec_font 
                                                  \l__fontspec_script_int \l...
l.14 ...JKmainfont[BoldFont={STZhongsong}]{SimSun}
                                                  

c:/Users/fanji/Desktop/nudt_thesis/a3cover/spine.tex:14: Missing = inserted for \ifnum.
<to be read again> 
                   \l__fontspec_script_int 
l.14 ...JKmainfont[BoldFont={STZhongsong}]{SimSun}
                                                  
I was expecting to see `<', `=', or `>'. Didn't.

c:/Users/fanji/Desktop/nudt_thesis/a3cover/spine.tex:14: Cannot use \XeTeXOTfeaturetag with nullfont; not an OpenType Layout font.
<argument> ...\XeTeXOTfeaturetag \l_fontspec_font 
                                                  \l__fontspec_script_int \l...
l.14 ...JKmainfont[BoldFont={STZhongsong}]{SimSun}
                                                  

c:/Users/fanji/Desktop/nudt_thesis/a3cover/spine.tex:14: Missing = inserted for \ifnum.
<to be read again> 
                   \l__fontspec_script_int 
l.14 ...JKmainfont[BoldFont={STZhongsong}]{SimSun}
                                                  
I was expecting to see `<', `=', or `>'. Didn't.

c:/Users/fanji/Desktop/nudt_thesis/a3cover/spine.tex:14: Cannot use \XeTeXOTfeaturetag with nullfont; not an OpenType Layout font.
<argument> ...\XeTeXOTfeaturetag \l_fontspec_font 
                                                  \l__fontspec_script_int \l...
l.14 ...JKmainfont[BoldFont={STZhongsong}]{SimSun}
                                                  

c:/Users/fanji/Desktop/nudt_thesis/a3cover/spine.tex:14: Missing = inserted for \ifnum.
<to be read again> 
                   \l__fontspec_script_int 
l.14 ...JKmainfont[BoldFont={STZhongsong}]{SimSun}
                                                  
I was expecting to see `<', `=', or `>'. Didn't.

c:/Users/fanji/Desktop/nudt_thesis/a3cover/spine.tex:14: Cannot use \XeTeXOTfeaturetag with nullfont; not an OpenType Layout font.
<argument> ...\XeTeXOTfeaturetag \l_fontspec_font 
                                                  \l__fontspec_script_int \l...
l.14 ...JKmainfont[BoldFont={STZhongsong}]{SimSun}
                                                  

c:/Users/fanji/Desktop/nudt_thesis/a3cover/spine.tex:14: Missing = inserted for \ifnum.
<to be read again> 
                   \l__fontspec_script_int 
l.14 ...JKmainfont[BoldFont={STZhongsong}]{SimSun}
                                                  
I was expecting to see `<', `=', or `>'. Didn't.

c:/Users/fanji/Desktop/nudt_thesis/a3cover/spine.tex:14: Cannot use \XeTeXOTfeaturetag with nullfont; not an OpenType Layout font.
<argument> ...\XeTeXOTfeaturetag \l_fontspec_font 
                                                  \l__fontspec_script_int \l...
l.14 ...JKmainfont[BoldFont={STZhongsong}]{SimSun}
                                                  

c:/Users/fanji/Desktop/nudt_thesis/a3cover/spine.tex:14: Missing = inserted for \ifnum.
<to be read again> 
                   \l__fontspec_script_int 
l.14 ...JKmainfont[BoldFont={STZhongsong}]{SimSun}
                                                  
I was expecting to see `<', `=', or `>'. Didn't.

c:/Users/fanji/Desktop/nudt_thesis/a3cover/spine.tex:14: Cannot use \XeTeXOTfeaturetag with nullfont; not an OpenType Layout font.
<argument> ...\XeTeXOTfeaturetag \l_fontspec_font 
                                                  \l__fontspec_script_int \l...
l.14 ...JKmainfont[BoldFont={STZhongsong}]{SimSun}
                                                  

c:/Users/fanji/Desktop/nudt_thesis/a3cover/spine.tex:14: Missing = inserted for \ifnum.
<to be read again> 
                   \l__fontspec_script_int 
l.14 ...JKmainfont[BoldFont={STZhongsong}]{SimSun}
                                                  
I was expecting to see `<', `=', or `>'. Didn't.

c:/Users/fanji/Desktop/nudt_thesis/a3cover/spine.tex:14: Cannot use \XeTeXOTfeaturetag with nullfont; not an OpenType Layout font.
<argument> ...\XeTeXOTfeaturetag \l_fontspec_font 
                                                  \l__fontspec_script_int \l...
l.14 ...JKmainfont[BoldFont={STZhongsong}]{SimSun}
                                                  

c:/Users/fanji/Desktop/nudt_thesis/a3cover/spine.tex:14: Missing = inserted for \ifnum.
<to be read again> 
                   \l__fontspec_script_int 
l.14 ...JKmainfont[BoldFont={STZhongsong}]{SimSun}
                                                  
I was expecting to see `<', `=', or `>'. Didn't.

c:/Users/fanji/Desktop/nudt_thesis/a3cover/spine.tex:14: Cannot use \XeTeXOTfeaturetag with nullfont; not an OpenType Layout font.
<argument> ...\XeTeXOTfeaturetag \l_fontspec_font 
                                                  \l__fontspec_script_int \l...
l.14 ...JKmainfont[BoldFont={STZhongsong}]{SimSun}
                                                  

c:/Users/fanji/Desktop/nudt_thesis/a3cover/spine.tex:14: Missing = inserted for \ifnum.
<to be read again> 
                   \l__fontspec_script_int 
l.14 ...JKmainfont[BoldFont={STZhongsong}]{SimSun}
                                                  
I was expecting to see `<', `=', or `>'. Didn't.

c:/Users/fanji/Desktop/nudt_thesis/a3cover/spine.tex:14: Cannot use \XeTeXOTfeaturetag with nullfont; not an OpenType Layout font.
<argument> ...\XeTeXOTfeaturetag \l_fontspec_font 
                                                  \l__fontspec_script_int \l...
l.14 ...JKmainfont[BoldFont={STZhongsong}]{SimSun}
                                                  

c:/Users/fanji/Desktop/nudt_thesis/a3cover/spine.tex:14: Missing = inserted for \ifnum.
<to be read again> 
                   \l__fontspec_script_int 
l.14 ...JKmainfont[BoldFont={STZhongsong}]{SimSun}
                                                  
I was expecting to see `<', `=', or `>'. Didn't.

c:/Users/fanji/Desktop/nudt_thesis/a3cover/spine.tex:14: Cannot use \XeTeXOTfeaturetag with nullfont; not an OpenType Layout font.
<argument> ...\XeTeXOTfeaturetag \l_fontspec_font 
                                                  \l__fontspec_script_int \l...
l.14 ...JKmainfont[BoldFont={STZhongsong}]{SimSun}
                                                  

c:/Users/fanji/Desktop/nudt_thesis/a3cover/spine.tex:14: Missing = inserted for \ifnum.
<to be read again> 
                   \l__fontspec_script_int 
l.14 ...JKmainfont[BoldFont={STZhongsong}]{SimSun}
                                                  
I was expecting to see `<', `=', or `>'. Didn't.

c:/Users/fanji/Desktop/nudt_thesis/a3cover/spine.tex:14: Cannot use \XeTeXOTfeaturetag with nullfont; not an OpenType Layout font.
<argument> ...\XeTeXOTfeaturetag \l_fontspec_font 
                                                  \l__fontspec_script_int \l...
l.14 ...JKmainfont[BoldFont={STZhongsong}]{SimSun}
                                                  

c:/Users/fanji/Desktop/nudt_thesis/a3cover/spine.tex:14: Missing = inserted for \ifnum.
<to be read again> 
                   \l__fontspec_script_int 
l.14 ...JKmainfont[BoldFont={STZhongsong}]{SimSun}
                                                  
I was expecting to see `<', `=', or `>'. Didn't.

c:/Users/fanji/Desktop/nudt_thesis/a3cover/spine.tex:14: Cannot use \XeTeXOTfeaturetag with nullfont; not an OpenType Layout font.
<argument> ...\XeTeXOTfeaturetag \l_fontspec_font 
                                                  \l__fontspec_script_int \l...
l.14 ...JKmainfont[BoldFont={STZhongsong}]{SimSun}
                                                  

c:/Users/fanji/Desktop/nudt_thesis/a3cover/spine.tex:14: Missing = inserted for \ifnum.
<to be read again> 
                   \l__fontspec_script_int 
l.14 ...JKmainfont[BoldFont={STZhongsong}]{SimSun}
                                                  
I was expecting to see `<', `=', or `>'. Didn't.

c:/Users/fanji/Desktop/nudt_thesis/a3cover/spine.tex:14: Cannot use \XeTeXOTfeaturetag with nullfont; not an OpenType Layout font.
<argument> ...\XeTeXOTfeaturetag \l_fontspec_font 
                                                  \l__fontspec_script_int \l...
l.14 ...JKmainfont[BoldFont={STZhongsong}]{SimSun}
                                                  
(That makes 100 errors; please try again.) 
Here is how much of TeX's memory you used:
 5435 strings out of 476179
 155288 string characters out of 5813072
 501421 words of memory out of 5000000
 26182 multiletter control sequences out of 15000+600000
 469889 words of font info for 39 fonts, out of 8000000 for 9000
 1348 hyphenation exceptions out of 8191
 70i,0n,81p,310b,258s stack positions out of 10000i,1000n,20000p,200000b,200000s

No pages of output.
